// Jest Snapshot v1, https://goo.gl/fbAQLP

exports[`lib/manager/mix/extract extractPackageFile() extracts all dependencies 1`] = `
Array [
  Object {
    "currentValue": "~> 2.0.0",
    "datasource": "hex",
    "depName": "ecto",
    "depType": "hex",
    "lineNumber": 18,
  },
  Object {
    "currentValue": "~> 0.8.1",
    "datasource": "hex",
    "depName": "postgrex",
    "depType": "hex",
    "lineNumber": 19,
  },
  Object {
    "currentValue": null,
    "datasource": "github",
    "depName": "cowboy",
    "depType": "github",
    "lineNumber": 20,
    "lookupName": "ninenines/cowboy",
    "skipReason": "unsupported-version",
  },
  Object {
    "currentValue": "~> 1.0",
    "datasource": "hex",
    "depName": "secret",
    "depType": "hex",
    "lineNumber": 21,
    "organization": "acme",
  },
  Object {
    "currentValue": "~> 1.0",
    "datasource": "hex",
    "depName": "jason",
    "depType": "hex",
    "lineNumber": 22,
  },
]
`;

exports[`lib/manager/mix/extract extractPackageFile() returns empty for invalid dependency file 1`] = `
Object {
  "deps": Array [],
}
`;
